// Vitest Snapshot v1, https://vitest.dev/guide/snapshot.html

exports[`ChatInterface > sends message and shows reply 1`] = `
"<div class="flex flex-col h-full">
  <div class="flex-1 overflow-y-auto p-4 space-y-2">
    <div class="text-right"><span class="bg-blue-200 inline-block px-2 py-1 rounded">hello</span></div>
    <div class="text-left"><span class="bg-gray-200 inline-block px-2 py-1 rounded">hi there</span></div>
  </div>
  <div class="p-2 border-t"><input placeholder="Ask something..." class="border w-full p-2"></div>
</div>"
`;
